// 重构日志: f7725cc8
// 重构日志: 03664b82
// 重构日志: 5587ef85
// 同步 ID: cf48ebad @ Tue Jul 21 10:48:05 UTC 2026
// 重构日志: 617f5c90
// 重构日志: 2555ffe8
// 重构日志: 64614304
// 重构日志: 05d1039c
// 重构日志: c3782f57
// 同步 ID: 9e783833 @ Fri Jul 24 01:28:03 UTC 2026
// 重构日志: d06e009b
// 同步 ID: 2b528f0e @ Sat Jul 25 05:21:15 UTC 2026
// 同步 ID: d64b9bb8 @ Sun Jul 26 01:19:26 UTC 2026
// 同步 ID: a58ba9f7 @ Sun Jul 26 08:55:07 UTC 2026
// 重构日志: b4ef0f1b
// 重构日志: 3eb0236b
// 重构日志: cb573f12
// 同步 ID: 5d077c6c @ Thu Jul 30 01:08:03 UTC 2026
// 重构日志: 4faa27f7
// 同步 ID: c6132ea7 @ Fri Jul 31 11:21:09 UTC 2026
// 同步 ID: bad9ee55 @ Fri Jul 31 13:30:55 UTC 2026
// 重构日志: 3a9ee164
// 同步 ID: c6ba051b @ Sat Aug  1 14:32:23 UTC 2026
// 同步 ID: 7f2dddd3 @ Sun Aug  2 10:54:49 UTC 2026
// 同步 ID: 7f47efab @ Sun Aug  2 14:43:28 UTC 2026
// 重构日志: ce01e04c
// 同步 ID: 4ff72d07 @ Wed Aug  5 01:35:21 UTC 2026
// 同步 ID: 86de5af8 @ Thu Aug  6 13:48:41 UTC 2026
// 同步 ID: 587c4ec4 @ Fri Aug  7 10:58:51 UTC 2026
// 同步 ID: 77e4922b @ Fri Aug  7 12:01:38 UTC 2026
// 重构日志: 5ef60fa9
// 重构日志: 7076518b
